Cluster 1 [nan] -> (37) 1 3 4 7 12 13 14 22 30 32 43 51 62 87 
Cluster 2 [nan] -> (64) 16 38 48 49 53 72 73 96 
Cluster 3 [nan] -> (63) 25 35 44 57 58 71 75 90 
Cluster 4 [nan] -> (81) 29 74 77 98 
